---
source: crates/full-node/sov-ledger-apis/tests/integration/main.rs
expression: response
snapshot_kind: text
---
{
  "data": {
    "proof": "YWdncmVnYXRlZC1wcm9vZg==",
    "public_data": {
      "code_commitment": "Y29kZS1jb21taXRtZW50",
      "final_rollup_height": 18446744073709551615,
      "final_slot_hash": "ZmluYWwtc2xvdC1oYXNo",
      "final_state_root": "ZmluYWwtc3RhdGUtcm9vdA==",
      "genesis_state_root": "Z2VuZXNpcy1zdGF0ZS1yb290",
      "initial_rollup_height": 18446744073709551615,
      "initial_slot_hash": "aW5pdGlhbC1zbG90LWhhc2g=",
      "initial_state_root": "aW5pdGlhbC1zdGF0ZS1yb290",
      "rewarded_addresses": [
        "cHJvdmVyLWFkZHJlc3M="
      ],
      "validity_conditions": []
    },
    "type": "aggregatedProof"
  },
  "meta": {}
}
